{
 "Typ": "WyJvYmplY3QiLHsiYXJuIjoic3RyaW5nIiwiaWQiOiJzdHJpbmciLCJvd25lcl9pZCI6InN0cmluZyIsInRhZ3MiOlsibWFwIiwic3RyaW5nIl0sInZwY19pZCI6InN0cmluZyJ9XQ==",
 "Val": "eyJhcm4iOiJhcm46YXdzOmVjMjpldS13ZXN0LTM6NzI2NDIxODU0Nzk5OmludGVybmV0LWdhdGV3YXkvaWd3LTAyNWUyNTQ4N2I5ZWU1NTNiIiwiaWQiOiJpZ3ctMDI1ZTI1NDg3YjllZTU1M2IiLCJvd25lcl9pZCI6IjcyNjQyMTg1NDc5OSIsInRhZ3MiOnsiTmFtZSI6ImZvbyJ9LCJ2cGNfaWQiOiJ2cGMtMDQzM2YzYWM1OWQ1YTVkNTIifQ==",
 "Err": null
}