{
 "Typ": "WyJvYmplY3QiLHsiYXJuIjoic3RyaW5nIiwiaWQiOiJzdHJpbmciLCJvd25lcl9pZCI6InN0cmluZyIsInRhZ3MiOlsibWFwIiwic3RyaW5nIl0sInZwY19pZCI6InN0cmluZyJ9XQ==",
 "Val": "eyJhcm4iOiJhcm46YXdzOmVjMjpldS13ZXN0LTM6NzI2NDIxODU0Nzk5OmludGVybmV0LWdhdGV3YXkvaWd3LTBhYTEwYjRlOTI3MzhkOGVkIiwiaWQiOiJpZ3ctMGFhMTBiNGU5MjczOGQ4ZWQiLCJvd25lcl9pZCI6IjcyNjQyMTg1NDc5OSIsInRhZ3MiOnsiTmFtZSI6Im1haW4ifSwidnBjX2lkIjoidnBjLTBkMGQ2ZDliNzRmZWU0MmY1In0=",
 "Err": null
}