[
 {
  "arn": "arn:aws:ec2:eu-west-3:726421854799:internet-gateway/igw-025e25487b9ee553b",
  "id": "igw-025e25487b9ee553b",
  "owner_id": "726421854799",
  "tags": {
   "Name": "foo"
  },
  "vpc_id": "vpc-0433f3ac59d5a5d52"
 },
 {
  "arn": "arn:aws:ec2:eu-west-3:726421854799:internet-gateway/igw-0aa10b4e92738d8ed",
  "id": "igw-0aa10b4e92738d8ed",
  "owner_id": "726421854799",
  "tags": {
   "Name": "main"
  },
  "vpc_id": "vpc-0d0d6d9b74fee42f5"
 }
]